
> asset-vault@0.1.0 lint
> tsc --noEmit -p tsconfig.json


> asset-vault@0.1.0 build
> vite build && esbuild server.ts --bundle --platform=node --format=cjs --packages=external --sourcemap --outfile=dist/server.cjs

vite v6.4.3 building for production...
transforming...
✓ 751 modules transformed.
rendering chunks...
computing gzip size...
dist/index.html                     0.40 kB │ gzip:   0.26 kB
dist/assets/index-BRZPdFrn.css     39.74 kB │ gzip:   7.44 kB
dist/assets/index-DF6epq5c.js   1,034.70 kB │ gzip: 362.93 kB

(!) Some chunks are larger than 500 kB after minification. Consider:
- Using dynamic import() to code-split the application
- Use build.rollupOptions.output.manualChunks to improve chunking: https://rollupjs.org/configuration-options/#output-manualchunks
- Adjust chunk size limit for this warning via build.chunkSizeWarningLimit.
✓ built in 3.95s

  dist/server.cjs      3.2kb
  dist/server.cjs.map  3.5kb

⚡ Done in 6ms
